// Jest Snapshot v1, https://goo.gl/fbAQLP

exports[`Density should match snapshot 1`] = `
<div>
  <div
    className="polar"
  />
</div>
`;
