// Jest Snapshot v1, https://goo.gl/fbAQLP

exports[`LanguageByCountry should match snapshot 1`] = `
<div>
  <div
    className="horizontalBar"
  />
</div>
`;
